// Jest Snapshot v1, https://goo.gl/fbAQLP

exports[`renders game grid 1`] = `
<div>
  <div
    class="App"
  >
    <div
      class="ResizeContainer"
    />
    <div
      class="Controls-container"
    >
      <div>
        <button>
          Play
        </button>
        <button>
          Next
        </button>
        <button>
          Reset
        </button>
        <div>
          <span>
            Speed
          </span>
          <input
            max="10"
            min="1"
            type="range"
            value="1"
          />
        </div>
      </div>
      <div>
        <div>
          <span>
            rows 
          </span>
          <button>
            add
          </button>
          <button>
            del
          </button>
        </div>
        <div>
          <span>
            columns 
          </span>
          <button>
            add
          </button>
          <button>
            del
          </button>
        </div>
      </div>
    </div>
    <div
      class="Presets"
    >
      <span>
        Presets: 
      </span>
      <button>
        Clock
      </button>
      <button>
        Ship 44P5H2V0
      </button>
      <button>
        Hangar
      </button>
      <button>
        Pulsar
      </button>
      <button>
        Planer gun
      </button>
    </div>
  </div>
</div>
`;
