// Jest Snapshot v1, https://goo.gl/fbAQLP

exports[`renders game grid 1`] = `
<div>
  <div
    class="App"
  >
    <div>
      Generation: 
      1
    </div>
    <div>
      <div
        class="Grid"
      >
        <div
          class="Grid-row"
        >
          <div
            class="Cell"
            data-col="0"
            data-live="false"
            data-row="0"
            data-type="cell"
          />
          <div
            class="Cell"
            data-col="1"
            data-live="false"
            data-row="0"
            data-type="cell"
          />
          <div
            class="Cell"
            data-col="2"
            data-live="false"
            data-row="0"
            data-type="cell"
          />
          <div
            class="Cell"
            data-col="3"
            data-live="false"
            data-row="0"
            data-type="cell"
          />
          <div
            class="Cell"
            data-col="4"
            data-live="false"
            data-row="0"
            data-type="cell"
          />
          <div
            class="Cell"
            data-col="5"
            data-live="false"
            data-row="0"
            data-type="cell"
          />
          <div
            class="Cell"
            data-col="6"
            data-live="false"
            data-row="0"
            data-type="cell"
          />
          <div
            class="Cell"
            data-col="7"
            data-live="false"
            data-row="0"
            data-type="cell"
          />
          <div
            class="Cell"
            data-col="8"
            data-live="false"
            data-row="0"
            data-type="cell"
          />
          <div
            class="Cell"
            data-col="9"
            data-live="false"
            data-row="0"
            data-type="cell"
          />
          <div
            class="Cell"
            data-col="10"
            data-live="false"
            data-row="0"
            data-type="cell"
          />
          <div
            class="Cell"
            data-col="11"
            data-live="false"
            data-row="0"
            data-type="cell"
          />
          <div
            class="Cell"
            data-col="12"
            data-live="false"
            data-row="0"
            data-type="cell"
          />
          <div
            class="Cell"
            data-col="13"
            data-live="false"
            data-row="0"
            data-type="cell"
          />
          <div
            class="Cell"
            data-col="14"
            data-live="false"
            data-row="0"
            data-type="cell"
          />
          <div
            class="Cell"
            data-col="15"
            data-live="false"
            data-row="0"
            data-type="cell"
          />
          <div
            class="Cell"
            data-col="16"
            data-live="false"
            data-row="0"
            data-type="cell"
          />
          <div
            class="Cell"
            data-col="17"
            data-live="false"
            data-row="0"
            data-type="cell"
          />
          <div
            class="Cell"
            data-col="18"
            data-live="false"
            data-row="0"
            data-type="cell"
          />
          <div
            class="Cell"
            data-col="19"
            data-live="false"
            data-row="0"
            data-type="cell"
          />
        </div>
        <div
          class="Grid-row"
        >
          <div
            class="Cell"
            data-col="0"
            data-live="false"
            data-row="1"
            data-type="cell"
          />
          <div
            class="Cell"
            data-col="1"
            data-live="false"
            data-row="1"
            data-type="cell"
          />
          <div
            class="Cell"
            data-col="2"
            data-live="false"
            data-row="1"
            data-type="cell"
          />
          <div
            class="Cell"
            data-col="3"
            data-live="false"
            data-row="1"
            data-type="cell"
          />
          <div
            class="Cell"
            data-col="4"
            data-live="false"
            data-row="1"
            data-type="cell"
          />
          <div
            class="Cell"
            data-col="5"
            data-live="false"
            data-row="1"
            data-type="cell"
          />
          <div
            class="Cell"
            data-col="6"
            data-live="false"
            data-row="1"
            data-type="cell"
          />
          <div
            class="Cell"
            data-col="7"
            data-live="false"
            data-row="1"
            data-type="cell"
          />
          <div
            class="Cell"
            data-col="8"
            data-live="false"
            data-row="1"
            data-type="cell"
          />
          <div
            class="Cell"
            data-col="9"
            data-live="false"
            data-row="1"
            data-type="cell"
          />
          <div
            class="Cell"
            data-col="10"
            data-live="false"
            data-row="1"
            data-type="cell"
          />
          <div
            class="Cell"
            data-col="11"
            data-live="false"
            data-row="1"
            data-type="cell"
          />
          <div
            class="Cell"
            data-col="12"
            data-live="false"
            data-row="1"
            data-type="cell"
          />
          <div
            class="Cell"
            data-col="13"
            data-live="false"
            data-row="1"
            data-type="cell"
          />
          <div
            class="Cell"
            data-col="14"
            data-live="false"
            data-row="1"
            data-type="cell"
          />
          <div
            class="Cell"
            data-col="15"
            data-live="false"
            data-row="1"
            data-type="cell"
          />
          <div
            class="Cell"
            data-col="16"
            data-live="false"
            data-row="1"
            data-type="cell"
          />
          <div
            class="Cell"
            data-col="17"
            data-live="false"
            data-row="1"
            data-type="cell"
          />
          <div
            class="Cell"
            data-col="18"
            data-live="false"
            data-row="1"
            data-type="cell"
          />
          <div
            class="Cell"
            data-col="19"
            data-live="false"
            data-row="1"
            data-type="cell"
          />
        </div>
        <div
          class="Grid-row"
        >
          <div
            class="Cell"
            data-col="0"
            data-live="false"
            data-row="2"
            data-type="cell"
          />
          <div
            class="Cell"
            data-col="1"
            data-live="false"
            data-row="2"
            data-type="cell"
          />
          <div
            class="Cell"
            data-col="2"
            data-live="false"
            data-row="2"
            data-type="cell"
          />
          <div
            class="Cell"
            data-col="3"
            data-live="false"
            data-row="2"
            data-type="cell"
          />
          <div
            class="Cell"
            data-col="4"
            data-live="false"
            data-row="2"
            data-type="cell"
          />
          <div
            class="Cell"
            data-col="5"
            data-live="false"
            data-row="2"
            data-type="cell"
          />
          <div
            class="Cell"
            data-col="6"
            data-live="false"
            data-row="2"
            data-type="cell"
          />
          <div
            class="Cell"
            data-col="7"
            data-live="false"
            data-row="2"
            data-type="cell"
          />
          <div
            class="Cell"
            data-col="8"
            data-live="false"
            data-row="2"
            data-type="cell"
          />
          <div
            class="Cell"
            data-col="9"
            data-live="false"
            data-row="2"
            data-type="cell"
          />
          <div
            class="Cell"
            data-col="10"
            data-live="false"
            data-row="2"
            data-type="cell"
          />
          <div
            class="Cell"
            data-col="11"
            data-live="false"
            data-row="2"
            data-type="cell"
          />
          <div
            class="Cell"
            data-col="12"
            data-live="false"
            data-row="2"
            data-type="cell"
          />
          <div
            class="Cell"
            data-col="13"
            data-live="false"
            data-row="2"
            data-type="cell"
          />
          <div
            class="Cell"
            data-col="14"
            data-live="false"
            data-row="2"
            data-type="cell"
          />
          <div
            class="Cell"
            data-col="15"
            data-live="false"
            data-row="2"
            data-type="cell"
          />
          <div
            class="Cell"
            data-col="16"
            data-live="false"
            data-row="2"
            data-type="cell"
          />
          <div
            class="Cell"
            data-col="17"
            data-live="false"
            data-row="2"
            data-type="cell"
          />
          <div
            class="Cell"
            data-col="18"
            data-live="false"
            data-row="2"
            data-type="cell"
          />
          <div
            class="Cell"
            data-col="19"
            data-live="false"
            data-row="2"
            data-type="cell"
          />
        </div>
        <div
          class="Grid-row"
        >
          <div
            class="Cell"
            data-col="0"
            data-live="false"
            data-row="3"
            data-type="cell"
          />
          <div
            class="Cell"
            data-col="1"
            data-live="false"
            data-row="3"
            data-type="cell"
          />
          <div
            class="Cell"
            data-col="2"
            data-live="false"
            data-row="3"
            data-type="cell"
          />
          <div
            class="Cell"
            data-col="3"
            data-live="false"
            data-row="3"
            data-type="cell"
          />
          <div
            class="Cell"
            data-col="4"
            data-live="false"
            data-row="3"
            data-type="cell"
          />
          <div
            class="Cell"
            data-col="5"
            data-live="false"
            data-row="3"
            data-type="cell"
          />
          <div
            class="Cell"
            data-col="6"
            data-live="false"
            data-row="3"
            data-type="cell"
          />
          <div
            class="Cell"
            data-col="7"
            data-live="false"
            data-row="3"
            data-type="cell"
          />
          <div
            class="Cell"
            data-col="8"
            data-live="false"
            data-row="3"
            data-type="cell"
          />
          <div
            class="Cell"
            data-col="9"
            data-live="false"
            data-row="3"
            data-type="cell"
          />
          <div
            class="Cell"
            data-col="10"
            data-live="false"
            data-row="3"
            data-type="cell"
          />
          <div
            class="Cell"
            data-col="11"
            data-live="false"
            data-row="3"
            data-type="cell"
          />
          <div
            class="Cell"
            data-col="12"
            data-live="false"
            data-row="3"
            data-type="cell"
          />
          <div
            class="Cell"
            data-col="13"
            data-live="false"
            data-row="3"
            data-type="cell"
          />
          <div
            class="Cell"
            data-col="14"
            data-live="false"
            data-row="3"
            data-type="cell"
          />
          <div
            class="Cell"
            data-col="15"
            data-live="false"
            data-row="3"
            data-type="cell"
          />
          <div
            class="Cell"
            data-col="16"
            data-live="false"
            data-row="3"
            data-type="cell"
          />
          <div
            class="Cell"
            data-col="17"
            data-live="false"
            data-row="3"
            data-type="cell"
          />
          <div
            class="Cell"
            data-col="18"
            data-live="false"
            data-row="3"
            data-type="cell"
          />
          <div
            class="Cell"
            data-col="19"
            data-live="false"
            data-row="3"
            data-type="cell"
          />
        </div>
        <div
          class="Grid-row"
        >
          <div
            class="Cell"
            data-col="0"
            data-live="false"
            data-row="4"
            data-type="cell"
          />
          <div
            class="Cell"
            data-col="1"
            data-live="false"
            data-row="4"
            data-type="cell"
          />
          <div
            class="Cell"
            data-col="2"
            data-live="false"
            data-row="4"
            data-type="cell"
          />
          <div
            class="Cell"
            data-col="3"
            data-live="false"
            data-row="4"
            data-type="cell"
          />
          <div
            class="Cell"
            data-col="4"
            data-live="false"
            data-row="4"
            data-type="cell"
          />
          <div
            class="Cell"
            data-col="5"
            data-live="false"
            data-row="4"
            data-type="cell"
          />
          <div
            class="Cell"
            data-col="6"
            data-live="false"
            data-row="4"
            data-type="cell"
          />
          <div
            class="Cell"
            data-col="7"
            data-live="false"
            data-row="4"
            data-type="cell"
          />
          <div
            class="Cell"
            data-col="8"
            data-live="false"
            data-row="4"
            data-type="cell"
          />
          <div
            class="Cell"
            data-col="9"
            data-live="false"
            data-row="4"
            data-type="cell"
          />
          <div
            class="Cell"
            data-col="10"
            data-live="false"
            data-row="4"
            data-type="cell"
          />
          <div
            class="Cell"
            data-col="11"
            data-live="false"
            data-row="4"
            data-type="cell"
          />
          <div
            class="Cell"
            data-col="12"
            data-live="false"
            data-row="4"
            data-type="cell"
          />
          <div
            class="Cell"
            data-col="13"
            data-live="false"
            data-row="4"
            data-type="cell"
          />
          <div
            class="Cell"
            data-col="14"
            data-live="false"
            data-row="4"
            data-type="cell"
          />
          <div
            class="Cell"
            data-col="15"
            data-live="false"
            data-row="4"
            data-type="cell"
          />
          <div
            class="Cell"
            data-col="16"
            data-live="false"
            data-row="4"
            data-type="cell"
          />
          <div
            class="Cell"
            data-col="17"
            data-live="false"
            data-row="4"
            data-type="cell"
          />
          <div
            class="Cell"
            data-col="18"
            data-live="false"
            data-row="4"
            data-type="cell"
          />
          <div
            class="Cell"
            data-col="19"
            data-live="false"
            data-row="4"
            data-type="cell"
          />
        </div>
        <div
          class="Grid-row"
        >
          <div
            class="Cell"
            data-col="0"
            data-live="false"
            data-row="5"
            data-type="cell"
          />
          <div
            class="Cell"
            data-col="1"
            data-live="false"
            data-row="5"
            data-type="cell"
          />
          <div
            class="Cell"
            data-col="2"
            data-live="false"
            data-row="5"
            data-type="cell"
          />
          <div
            class="Cell"
            data-col="3"
            data-live="false"
            data-row="5"
            data-type="cell"
          />
          <div
            class="Cell"
            data-col="4"
            data-live="false"
            data-row="5"
            data-type="cell"
          />
          <div
            class="Cell"
            data-col="5"
            data-live="false"
            data-row="5"
            data-type="cell"
          />
          <div
            class="Cell"
            data-col="6"
            data-live="false"
            data-row="5"
            data-type="cell"
          />
          <div
            class="Cell"
            data-col="7"
            data-live="false"
            data-row="5"
            data-type="cell"
          />
          <div
            class="Cell"
            data-col="8"
            data-live="false"
            data-row="5"
            data-type="cell"
          />
          <div
            class="Cell"
            data-col="9"
            data-live="false"
            data-row="5"
            data-type="cell"
          />
          <div
            class="Cell"
            data-col="10"
            data-live="false"
            data-row="5"
            data-type="cell"
          />
          <div
            class="Cell"
            data-col="11"
            data-live="false"
            data-row="5"
            data-type="cell"
          />
          <div
            class="Cell"
            data-col="12"
            data-live="false"
            data-row="5"
            data-type="cell"
          />
          <div
            class="Cell"
            data-col="13"
            data-live="false"
            data-row="5"
            data-type="cell"
          />
          <div
            class="Cell"
            data-col="14"
            data-live="false"
            data-row="5"
            data-type="cell"
          />
          <div
            class="Cell"
            data-col="15"
            data-live="false"
            data-row="5"
            data-type="cell"
          />
          <div
            class="Cell"
            data-col="16"
            data-live="false"
            data-row="5"
            data-type="cell"
          />
          <div
            class="Cell"
            data-col="17"
            data-live="false"
            data-row="5"
            data-type="cell"
          />
          <div
            class="Cell"
            data-col="18"
            data-live="false"
            data-row="5"
            data-type="cell"
          />
          <div
            class="Cell"
            data-col="19"
            data-live="false"
            data-row="5"
            data-type="cell"
          />
        </div>
        <div
          class="Grid-row"
        >
          <div
            class="Cell"
            data-col="0"
            data-live="false"
            data-row="6"
            data-type="cell"
          />
          <div
            class="Cell"
            data-col="1"
            data-live="false"
            data-row="6"
            data-type="cell"
          />
          <div
            class="Cell"
            data-col="2"
            data-live="false"
            data-row="6"
            data-type="cell"
          />
          <div
            class="Cell"
            data-col="3"
            data-live="false"
            data-row="6"
            data-type="cell"
          />
          <div
            class="Cell"
            data-col="4"
            data-live="false"
            data-row="6"
            data-type="cell"
          />
          <div
            class="Cell"
            data-col="5"
            data-live="false"
            data-row="6"
            data-type="cell"
          />
          <div
            class="Cell"
            data-col="6"
            data-live="false"
            data-row="6"
            data-type="cell"
          />
          <div
            class="Cell"
            data-col="7"
            data-live="false"
            data-row="6"
            data-type="cell"
          />
          <div
            class="Cell"
            data-col="8"
            data-live="false"
            data-row="6"
            data-type="cell"
          />
          <div
            class="Cell"
            data-col="9"
            data-live="false"
            data-row="6"
            data-type="cell"
          />
          <div
            class="Cell"
            data-col="10"
            data-live="false"
            data-row="6"
            data-type="cell"
          />
          <div
            class="Cell"
            data-col="11"
            data-live="false"
            data-row="6"
            data-type="cell"
          />
          <div
            class="Cell"
            data-col="12"
            data-live="false"
            data-row="6"
            data-type="cell"
          />
          <div
            class="Cell"
            data-col="13"
            data-live="false"
            data-row="6"
            data-type="cell"
          />
          <div
            class="Cell"
            data-col="14"
            data-live="false"
            data-row="6"
            data-type="cell"
          />
          <div
            class="Cell"
            data-col="15"
            data-live="false"
            data-row="6"
            data-type="cell"
          />
          <div
            class="Cell"
            data-col="16"
            data-live="false"
            data-row="6"
            data-type="cell"
          />
          <div
            class="Cell"
            data-col="17"
            data-live="false"
            data-row="6"
            data-type="cell"
          />
          <div
            class="Cell"
            data-col="18"
            data-live="false"
            data-row="6"
            data-type="cell"
          />
          <div
            class="Cell"
            data-col="19"
            data-live="false"
            data-row="6"
            data-type="cell"
          />
        </div>
        <div
          class="Grid-row"
        >
          <div
            class="Cell"
            data-col="0"
            data-live="false"
            data-row="7"
            data-type="cell"
          />
          <div
            class="Cell"
            data-col="1"
            data-live="false"
            data-row="7"
            data-type="cell"
          />
          <div
            class="Cell"
            data-col="2"
            data-live="false"
            data-row="7"
            data-type="cell"
          />
          <div
            class="Cell"
            data-col="3"
            data-live="false"
            data-row="7"
            data-type="cell"
          />
          <div
            class="Cell"
            data-col="4"
            data-live="false"
            data-row="7"
            data-type="cell"
          />
          <div
            class="Cell"
            data-col="5"
            data-live="false"
            data-row="7"
            data-type="cell"
          />
          <div
            class="Cell"
            data-col="6"
            data-live="false"
            data-row="7"
            data-type="cell"
          />
          <div
            class="Cell"
            data-col="7"
            data-live="false"
            data-row="7"
            data-type="cell"
          />
          <div
            class="Cell"
            data-col="8"
            data-live="false"
            data-row="7"
            data-type="cell"
          />
          <div
            class="Cell"
            data-col="9"
            data-live="false"
            data-row="7"
            data-type="cell"
          />
          <div
            class="Cell"
            data-col="10"
            data-live="false"
            data-row="7"
            data-type="cell"
          />
          <div
            class="Cell"
            data-col="11"
            data-live="false"
            data-row="7"
            data-type="cell"
          />
          <div
            class="Cell"
            data-col="12"
            data-live="false"
            data-row="7"
            data-type="cell"
          />
          <div
            class="Cell"
            data-col="13"
            data-live="false"
            data-row="7"
            data-type="cell"
          />
          <div
            class="Cell"
            data-col="14"
            data-live="false"
            data-row="7"
            data-type="cell"
          />
          <div
            class="Cell"
            data-col="15"
            data-live="false"
            data-row="7"
            data-type="cell"
          />
          <div
            class="Cell"
            data-col="16"
            data-live="false"
            data-row="7"
            data-type="cell"
          />
          <div
            class="Cell"
            data-col="17"
            data-live="false"
            data-row="7"
            data-type="cell"
          />
          <div
            class="Cell"
            data-col="18"
            data-live="false"
            data-row="7"
            data-type="cell"
          />
          <div
            class="Cell"
            data-col="19"
            data-live="false"
            data-row="7"
            data-type="cell"
          />
        </div>
        <div
          class="Grid-row"
        >
          <div
            class="Cell"
            data-col="0"
            data-live="false"
            data-row="8"
            data-type="cell"
          />
          <div
            class="Cell"
            data-col="1"
            data-live="false"
            data-row="8"
            data-type="cell"
          />
          <div
            class="Cell"
            data-col="2"
            data-live="false"
            data-row="8"
            data-type="cell"
          />
          <div
            class="Cell"
            data-col="3"
            data-live="false"
            data-row="8"
            data-type="cell"
          />
          <div
            class="Cell"
            data-col="4"
            data-live="false"
            data-row="8"
            data-type="cell"
          />
          <div
            class="Cell"
            data-col="5"
            data-live="false"
            data-row="8"
            data-type="cell"
          />
          <div
            class="Cell"
            data-col="6"
            data-live="false"
            data-row="8"
            data-type="cell"
          />
          <div
            class="Cell"
            data-col="7"
            data-live="false"
            data-row="8"
            data-type="cell"
          />
          <div
            class="Cell"
            data-col="8"
            data-live="false"
            data-row="8"
            data-type="cell"
          />
          <div
            class="Cell"
            data-col="9"
            data-live="false"
            data-row="8"
            data-type="cell"
          />
          <div
            class="Cell"
            data-col="10"
            data-live="false"
            data-row="8"
            data-type="cell"
          />
          <div
            class="Cell"
            data-col="11"
            data-live="false"
            data-row="8"
            data-type="cell"
          />
          <div
            class="Cell"
            data-col="12"
            data-live="false"
            data-row="8"
            data-type="cell"
          />
          <div
            class="Cell"
            data-col="13"
            data-live="false"
            data-row="8"
            data-type="cell"
          />
          <div
            class="Cell"
            data-col="14"
            data-live="false"
            data-row="8"
            data-type="cell"
          />
          <div
            class="Cell"
            data-col="15"
            data-live="false"
            data-row="8"
            data-type="cell"
          />
          <div
            class="Cell"
            data-col="16"
            data-live="false"
            data-row="8"
            data-type="cell"
          />
          <div
            class="Cell"
            data-col="17"
            data-live="false"
            data-row="8"
            data-type="cell"
          />
          <div
            class="Cell"
            data-col="18"
            data-live="false"
            data-row="8"
            data-type="cell"
          />
          <div
            class="Cell"
            data-col="19"
            data-live="false"
            data-row="8"
            data-type="cell"
          />
        </div>
        <div
          class="Grid-row"
        >
          <div
            class="Cell"
            data-col="0"
            data-live="false"
            data-row="9"
            data-type="cell"
          />
          <div
            class="Cell"
            data-col="1"
            data-live="false"
            data-row="9"
            data-type="cell"
          />
          <div
            class="Cell"
            data-col="2"
            data-live="false"
            data-row="9"
            data-type="cell"
          />
          <div
            class="Cell"
            data-col="3"
            data-live="false"
            data-row="9"
            data-type="cell"
          />
          <div
            class="Cell"
            data-col="4"
            data-live="false"
            data-row="9"
            data-type="cell"
          />
          <div
            class="Cell"
            data-col="5"
            data-live="false"
            data-row="9"
            data-type="cell"
          />
          <div
            class="Cell"
            data-col="6"
            data-live="false"
            data-row="9"
            data-type="cell"
          />
          <div
            class="Cell"
            data-col="7"
            data-live="false"
            data-row="9"
            data-type="cell"
          />
          <div
            class="Cell"
            data-col="8"
            data-live="false"
            data-row="9"
            data-type="cell"
          />
          <div
            class="Cell"
            data-col="9"
            data-live="false"
            data-row="9"
            data-type="cell"
          />
          <div
            class="Cell"
            data-col="10"
            data-live="false"
            data-row="9"
            data-type="cell"
          />
          <div
            class="Cell"
            data-col="11"
            data-live="false"
            data-row="9"
            data-type="cell"
          />
          <div
            class="Cell"
            data-col="12"
            data-live="false"
            data-row="9"
            data-type="cell"
          />
          <div
            class="Cell"
            data-col="13"
            data-live="false"
            data-row="9"
            data-type="cell"
          />
          <div
            class="Cell"
            data-col="14"
            data-live="false"
            data-row="9"
            data-type="cell"
          />
          <div
            class="Cell"
            data-col="15"
            data-live="false"
            data-row="9"
            data-type="cell"
          />
          <div
            class="Cell"
            data-col="16"
            data-live="false"
            data-row="9"
            data-type="cell"
          />
          <div
            class="Cell"
            data-col="17"
            data-live="false"
            data-row="9"
            data-type="cell"
          />
          <div
            class="Cell"
            data-col="18"
            data-live="false"
            data-row="9"
            data-type="cell"
          />
          <div
            class="Cell"
            data-col="19"
            data-live="false"
            data-row="9"
            data-type="cell"
          />
        </div>
        <div
          class="Grid-row"
        >
          <div
            class="Cell"
            data-col="0"
            data-live="false"
            data-row="10"
            data-type="cell"
          />
          <div
            class="Cell"
            data-col="1"
            data-live="false"
            data-row="10"
            data-type="cell"
          />
          <div
            class="Cell"
            data-col="2"
            data-live="false"
            data-row="10"
            data-type="cell"
          />
          <div
            class="Cell"
            data-col="3"
            data-live="false"
            data-row="10"
            data-type="cell"
          />
          <div
            class="Cell"
            data-col="4"
            data-live="false"
            data-row="10"
            data-type="cell"
          />
          <div
            class="Cell"
            data-col="5"
            data-live="false"
            data-row="10"
            data-type="cell"
          />
          <div
            class="Cell"
            data-col="6"
            data-live="false"
            data-row="10"
            data-type="cell"
          />
          <div
            class="Cell"
            data-col="7"
            data-live="false"
            data-row="10"
            data-type="cell"
          />
          <div
            class="Cell"
            data-col="8"
            data-live="false"
            data-row="10"
            data-type="cell"
          />
          <div
            class="Cell"
            data-col="9"
            data-live="false"
            data-row="10"
            data-type="cell"
          />
          <div
            class="Cell"
            data-col="10"
            data-live="false"
            data-row="10"
            data-type="cell"
          />
          <div
            class="Cell"
            data-col="11"
            data-live="false"
            data-row="10"
            data-type="cell"
          />
          <div
            class="Cell"
            data-col="12"
            data-live="false"
            data-row="10"
            data-type="cell"
          />
          <div
            class="Cell"
            data-col="13"
            data-live="false"
            data-row="10"
            data-type="cell"
          />
          <div
            class="Cell"
            data-col="14"
            data-live="false"
            data-row="10"
            data-type="cell"
          />
          <div
            class="Cell"
            data-col="15"
            data-live="false"
            data-row="10"
            data-type="cell"
          />
          <div
            class="Cell"
            data-col="16"
            data-live="false"
            data-row="10"
            data-type="cell"
          />
          <div
            class="Cell"
            data-col="17"
            data-live="false"
            data-row="10"
            data-type="cell"
          />
          <div
            class="Cell"
            data-col="18"
            data-live="false"
            data-row="10"
            data-type="cell"
          />
          <div
            class="Cell"
            data-col="19"
            data-live="false"
            data-row="10"
            data-type="cell"
          />
        </div>
        <div
          class="Grid-row"
        >
          <div
            class="Cell"
            data-col="0"
            data-live="false"
            data-row="11"
            data-type="cell"
          />
          <div
            class="Cell"
            data-col="1"
            data-live="false"
            data-row="11"
            data-type="cell"
          />
          <div
            class="Cell"
            data-col="2"
            data-live="false"
            data-row="11"
            data-type="cell"
          />
          <div
            class="Cell"
            data-col="3"
            data-live="false"
            data-row="11"
            data-type="cell"
          />
          <div
            class="Cell"
            data-col="4"
            data-live="false"
            data-row="11"
            data-type="cell"
          />
          <div
            class="Cell"
            data-col="5"
            data-live="false"
            data-row="11"
            data-type="cell"
          />
          <div
            class="Cell"
            data-col="6"
            data-live="false"
            data-row="11"
            data-type="cell"
          />
          <div
            class="Cell"
            data-col="7"
            data-live="false"
            data-row="11"
            data-type="cell"
          />
          <div
            class="Cell"
            data-col="8"
            data-live="false"
            data-row="11"
            data-type="cell"
          />
          <div
            class="Cell"
            data-col="9"
            data-live="false"
            data-row="11"
            data-type="cell"
          />
          <div
            class="Cell"
            data-col="10"
            data-live="false"
            data-row="11"
            data-type="cell"
          />
          <div
            class="Cell"
            data-col="11"
            data-live="false"
            data-row="11"
            data-type="cell"
          />
          <div
            class="Cell"
            data-col="12"
            data-live="false"
            data-row="11"
            data-type="cell"
          />
          <div
            class="Cell"
            data-col="13"
            data-live="false"
            data-row="11"
            data-type="cell"
          />
          <div
            class="Cell"
            data-col="14"
            data-live="false"
            data-row="11"
            data-type="cell"
          />
          <div
            class="Cell"
            data-col="15"
            data-live="false"
            data-row="11"
            data-type="cell"
          />
          <div
            class="Cell"
            data-col="16"
            data-live="false"
            data-row="11"
            data-type="cell"
          />
          <div
            class="Cell"
            data-col="17"
            data-live="false"
            data-row="11"
            data-type="cell"
          />
          <div
            class="Cell"
            data-col="18"
            data-live="false"
            data-row="11"
            data-type="cell"
          />
          <div
            class="Cell"
            data-col="19"
            data-live="false"
            data-row="11"
            data-type="cell"
          />
        </div>
        <div
          class="Grid-row"
        >
          <div
            class="Cell"
            data-col="0"
            data-live="false"
            data-row="12"
            data-type="cell"
          />
          <div
            class="Cell"
            data-col="1"
            data-live="false"
            data-row="12"
            data-type="cell"
          />
          <div
            class="Cell"
            data-col="2"
            data-live="false"
            data-row="12"
            data-type="cell"
          />
          <div
            class="Cell"
            data-col="3"
            data-live="false"
            data-row="12"
            data-type="cell"
          />
          <div
            class="Cell"
            data-col="4"
            data-live="false"
            data-row="12"
            data-type="cell"
          />
          <div
            class="Cell"
            data-col="5"
            data-live="false"
            data-row="12"
            data-type="cell"
          />
          <div
            class="Cell"
            data-col="6"
            data-live="false"
            data-row="12"
            data-type="cell"
          />
          <div
            class="Cell"
            data-col="7"
            data-live="false"
            data-row="12"
            data-type="cell"
          />
          <div
            class="Cell"
            data-col="8"
            data-live="false"
            data-row="12"
            data-type="cell"
          />
          <div
            class="Cell"
            data-col="9"
            data-live="false"
            data-row="12"
            data-type="cell"
          />
          <div
            class="Cell"
            data-col="10"
            data-live="false"
            data-row="12"
            data-type="cell"
          />
          <div
            class="Cell"
            data-col="11"
            data-live="false"
            data-row="12"
            data-type="cell"
          />
          <div
            class="Cell"
            data-col="12"
            data-live="false"
            data-row="12"
            data-type="cell"
          />
          <div
            class="Cell"
            data-col="13"
            data-live="false"
            data-row="12"
            data-type="cell"
          />
          <div
            class="Cell"
            data-col="14"
            data-live="false"
            data-row="12"
            data-type="cell"
          />
          <div
            class="Cell"
            data-col="15"
            data-live="false"
            data-row="12"
            data-type="cell"
          />
          <div
            class="Cell"
            data-col="16"
            data-live="false"
            data-row="12"
            data-type="cell"
          />
          <div
            class="Cell"
            data-col="17"
            data-live="false"
            data-row="12"
            data-type="cell"
          />
          <div
            class="Cell"
            data-col="18"
            data-live="false"
            data-row="12"
            data-type="cell"
          />
          <div
            class="Cell"
            data-col="19"
            data-live="false"
            data-row="12"
            data-type="cell"
          />
        </div>
        <div
          class="Grid-row"
        >
          <div
            class="Cell"
            data-col="0"
            data-live="false"
            data-row="13"
            data-type="cell"
          />
          <div
            class="Cell"
            data-col="1"
            data-live="false"
            data-row="13"
            data-type="cell"
          />
          <div
            class="Cell"
            data-col="2"
            data-live="false"
            data-row="13"
            data-type="cell"
          />
          <div
            class="Cell"
            data-col="3"
            data-live="false"
            data-row="13"
            data-type="cell"
          />
          <div
            class="Cell"
            data-col="4"
            data-live="false"
            data-row="13"
            data-type="cell"
          />
          <div
            class="Cell"
            data-col="5"
            data-live="false"
            data-row="13"
            data-type="cell"
          />
          <div
            class="Cell"
            data-col="6"
            data-live="false"
            data-row="13"
            data-type="cell"
          />
          <div
            class="Cell"
            data-col="7"
            data-live="false"
            data-row="13"
            data-type="cell"
          />
          <div
            class="Cell"
            data-col="8"
            data-live="false"
            data-row="13"
            data-type="cell"
          />
          <div
            class="Cell"
            data-col="9"
            data-live="false"
            data-row="13"
            data-type="cell"
          />
          <div
            class="Cell"
            data-col="10"
            data-live="false"
            data-row="13"
            data-type="cell"
          />
          <div
            class="Cell"
            data-col="11"
            data-live="false"
            data-row="13"
            data-type="cell"
          />
          <div
            class="Cell"
            data-col="12"
            data-live="false"
            data-row="13"
            data-type="cell"
          />
          <div
            class="Cell"
            data-col="13"
            data-live="false"
            data-row="13"
            data-type="cell"
          />
          <div
            class="Cell"
            data-col="14"
            data-live="false"
            data-row="13"
            data-type="cell"
          />
          <div
            class="Cell"
            data-col="15"
            data-live="false"
            data-row="13"
            data-type="cell"
          />
          <div
            class="Cell"
            data-col="16"
            data-live="false"
            data-row="13"
            data-type="cell"
          />
          <div
            class="Cell"
            data-col="17"
            data-live="false"
            data-row="13"
            data-type="cell"
          />
          <div
            class="Cell"
            data-col="18"
            data-live="false"
            data-row="13"
            data-type="cell"
          />
          <div
            class="Cell"
            data-col="19"
            data-live="false"
            data-row="13"
            data-type="cell"
          />
        </div>
        <div
          class="Grid-row"
        >
          <div
            class="Cell"
            data-col="0"
            data-live="false"
            data-row="14"
            data-type="cell"
          />
          <div
            class="Cell"
            data-col="1"
            data-live="false"
            data-row="14"
            data-type="cell"
          />
          <div
            class="Cell"
            data-col="2"
            data-live="false"
            data-row="14"
            data-type="cell"
          />
          <div
            class="Cell"
            data-col="3"
            data-live="false"
            data-row="14"
            data-type="cell"
          />
          <div
            class="Cell"
            data-col="4"
            data-live="false"
            data-row="14"
            data-type="cell"
          />
          <div
            class="Cell"
            data-col="5"
            data-live="false"
            data-row="14"
            data-type="cell"
          />
          <div
            class="Cell"
            data-col="6"
            data-live="false"
            data-row="14"
            data-type="cell"
          />
          <div
            class="Cell"
            data-col="7"
            data-live="false"
            data-row="14"
            data-type="cell"
          />
          <div
            class="Cell"
            data-col="8"
            data-live="false"
            data-row="14"
            data-type="cell"
          />
          <div
            class="Cell"
            data-col="9"
            data-live="false"
            data-row="14"
            data-type="cell"
          />
          <div
            class="Cell"
            data-col="10"
            data-live="false"
            data-row="14"
            data-type="cell"
          />
          <div
            class="Cell"
            data-col="11"
            data-live="false"
            data-row="14"
            data-type="cell"
          />
          <div
            class="Cell"
            data-col="12"
            data-live="false"
            data-row="14"
            data-type="cell"
          />
          <div
            class="Cell"
            data-col="13"
            data-live="false"
            data-row="14"
            data-type="cell"
          />
          <div
            class="Cell"
            data-col="14"
            data-live="false"
            data-row="14"
            data-type="cell"
          />
          <div
            class="Cell"
            data-col="15"
            data-live="false"
            data-row="14"
            data-type="cell"
          />
          <div
            class="Cell"
            data-col="16"
            data-live="false"
            data-row="14"
            data-type="cell"
          />
          <div
            class="Cell"
            data-col="17"
            data-live="false"
            data-row="14"
            data-type="cell"
          />
          <div
            class="Cell"
            data-col="18"
            data-live="false"
            data-row="14"
            data-type="cell"
          />
          <div
            class="Cell"
            data-col="19"
            data-live="false"
            data-row="14"
            data-type="cell"
          />
        </div>
        <div
          class="Grid-row"
        >
          <div
            class="Cell"
            data-col="0"
            data-live="false"
            data-row="15"
            data-type="cell"
          />
          <div
            class="Cell"
            data-col="1"
            data-live="false"
            data-row="15"
            data-type="cell"
          />
          <div
            class="Cell"
            data-col="2"
            data-live="false"
            data-row="15"
            data-type="cell"
          />
          <div
            class="Cell"
            data-col="3"
            data-live="false"
            data-row="15"
            data-type="cell"
          />
          <div
            class="Cell"
            data-col="4"
            data-live="false"
            data-row="15"
            data-type="cell"
          />
          <div
            class="Cell"
            data-col="5"
            data-live="false"
            data-row="15"
            data-type="cell"
          />
          <div
            class="Cell"
            data-col="6"
            data-live="false"
            data-row="15"
            data-type="cell"
          />
          <div
            class="Cell"
            data-col="7"
            data-live="false"
            data-row="15"
            data-type="cell"
          />
          <div
            class="Cell"
            data-col="8"
            data-live="false"
            data-row="15"
            data-type="cell"
          />
          <div
            class="Cell"
            data-col="9"
            data-live="false"
            data-row="15"
            data-type="cell"
          />
          <div
            class="Cell"
            data-col="10"
            data-live="false"
            data-row="15"
            data-type="cell"
          />
          <div
            class="Cell"
            data-col="11"
            data-live="false"
            data-row="15"
            data-type="cell"
          />
          <div
            class="Cell"
            data-col="12"
            data-live="false"
            data-row="15"
            data-type="cell"
          />
          <div
            class="Cell"
            data-col="13"
            data-live="false"
            data-row="15"
            data-type="cell"
          />
          <div
            class="Cell"
            data-col="14"
            data-live="false"
            data-row="15"
            data-type="cell"
          />
          <div
            class="Cell"
            data-col="15"
            data-live="false"
            data-row="15"
            data-type="cell"
          />
          <div
            class="Cell"
            data-col="16"
            data-live="false"
            data-row="15"
            data-type="cell"
          />
          <div
            class="Cell"
            data-col="17"
            data-live="false"
            data-row="15"
            data-type="cell"
          />
          <div
            class="Cell"
            data-col="18"
            data-live="false"
            data-row="15"
            data-type="cell"
          />
          <div
            class="Cell"
            data-col="19"
            data-live="false"
            data-row="15"
            data-type="cell"
          />
        </div>
        <div
          class="Grid-row"
        >
          <div
            class="Cell"
            data-col="0"
            data-live="false"
            data-row="16"
            data-type="cell"
          />
          <div
            class="Cell"
            data-col="1"
            data-live="false"
            data-row="16"
            data-type="cell"
          />
          <div
            class="Cell"
            data-col="2"
            data-live="false"
            data-row="16"
            data-type="cell"
          />
          <div
            class="Cell"
            data-col="3"
            data-live="false"
            data-row="16"
            data-type="cell"
          />
          <div
            class="Cell"
            data-col="4"
            data-live="false"
            data-row="16"
            data-type="cell"
          />
          <div
            class="Cell"
            data-col="5"
            data-live="false"
            data-row="16"
            data-type="cell"
          />
          <div
            class="Cell"
            data-col="6"
            data-live="false"
            data-row="16"
            data-type="cell"
          />
          <div
            class="Cell"
            data-col="7"
            data-live="false"
            data-row="16"
            data-type="cell"
          />
          <div
            class="Cell"
            data-col="8"
            data-live="false"
            data-row="16"
            data-type="cell"
          />
          <div
            class="Cell"
            data-col="9"
            data-live="false"
            data-row="16"
            data-type="cell"
          />
          <div
            class="Cell"
            data-col="10"
            data-live="false"
            data-row="16"
            data-type="cell"
          />
          <div
            class="Cell"
            data-col="11"
            data-live="false"
            data-row="16"
            data-type="cell"
          />
          <div
            class="Cell"
            data-col="12"
            data-live="false"
            data-row="16"
            data-type="cell"
          />
          <div
            class="Cell"
            data-col="13"
            data-live="false"
            data-row="16"
            data-type="cell"
          />
          <div
            class="Cell"
            data-col="14"
            data-live="false"
            data-row="16"
            data-type="cell"
          />
          <div
            class="Cell"
            data-col="15"
            data-live="false"
            data-row="16"
            data-type="cell"
          />
          <div
            class="Cell"
            data-col="16"
            data-live="false"
            data-row="16"
            data-type="cell"
          />
          <div
            class="Cell"
            data-col="17"
            data-live="false"
            data-row="16"
            data-type="cell"
          />
          <div
            class="Cell"
            data-col="18"
            data-live="false"
            data-row="16"
            data-type="cell"
          />
          <div
            class="Cell"
            data-col="19"
            data-live="false"
            data-row="16"
            data-type="cell"
          />
        </div>
        <div
          class="Grid-row"
        >
          <div
            class="Cell"
            data-col="0"
            data-live="false"
            data-row="17"
            data-type="cell"
          />
          <div
            class="Cell"
            data-col="1"
            data-live="false"
            data-row="17"
            data-type="cell"
          />
          <div
            class="Cell"
            data-col="2"
            data-live="false"
            data-row="17"
            data-type="cell"
          />
          <div
            class="Cell"
            data-col="3"
            data-live="false"
            data-row="17"
            data-type="cell"
          />
          <div
            class="Cell"
            data-col="4"
            data-live="false"
            data-row="17"
            data-type="cell"
          />
          <div
            class="Cell"
            data-col="5"
            data-live="false"
            data-row="17"
            data-type="cell"
          />
          <div
            class="Cell"
            data-col="6"
            data-live="false"
            data-row="17"
            data-type="cell"
          />
          <div
            class="Cell"
            data-col="7"
            data-live="false"
            data-row="17"
            data-type="cell"
          />
          <div
            class="Cell"
            data-col="8"
            data-live="false"
            data-row="17"
            data-type="cell"
          />
          <div
            class="Cell"
            data-col="9"
            data-live="false"
            data-row="17"
            data-type="cell"
          />
          <div
            class="Cell"
            data-col="10"
            data-live="false"
            data-row="17"
            data-type="cell"
          />
          <div
            class="Cell"
            data-col="11"
            data-live="false"
            data-row="17"
            data-type="cell"
          />
          <div
            class="Cell"
            data-col="12"
            data-live="false"
            data-row="17"
            data-type="cell"
          />
          <div
            class="Cell"
            data-col="13"
            data-live="false"
            data-row="17"
            data-type="cell"
          />
          <div
            class="Cell"
            data-col="14"
            data-live="false"
            data-row="17"
            data-type="cell"
          />
          <div
            class="Cell"
            data-col="15"
            data-live="false"
            data-row="17"
            data-type="cell"
          />
          <div
            class="Cell"
            data-col="16"
            data-live="false"
            data-row="17"
            data-type="cell"
          />
          <div
            class="Cell"
            data-col="17"
            data-live="false"
            data-row="17"
            data-type="cell"
          />
          <div
            class="Cell"
            data-col="18"
            data-live="false"
            data-row="17"
            data-type="cell"
          />
          <div
            class="Cell"
            data-col="19"
            data-live="false"
            data-row="17"
            data-type="cell"
          />
        </div>
        <div
          class="Grid-row"
        >
          <div
            class="Cell"
            data-col="0"
            data-live="false"
            data-row="18"
            data-type="cell"
          />
          <div
            class="Cell"
            data-col="1"
            data-live="false"
            data-row="18"
            data-type="cell"
          />
          <div
            class="Cell"
            data-col="2"
            data-live="false"
            data-row="18"
            data-type="cell"
          />
          <div
            class="Cell"
            data-col="3"
            data-live="false"
            data-row="18"
            data-type="cell"
          />
          <div
            class="Cell"
            data-col="4"
            data-live="false"
            data-row="18"
            data-type="cell"
          />
          <div
            class="Cell"
            data-col="5"
            data-live="false"
            data-row="18"
            data-type="cell"
          />
          <div
            class="Cell"
            data-col="6"
            data-live="false"
            data-row="18"
            data-type="cell"
          />
          <div
            class="Cell"
            data-col="7"
            data-live="false"
            data-row="18"
            data-type="cell"
          />
          <div
            class="Cell"
            data-col="8"
            data-live="false"
            data-row="18"
            data-type="cell"
          />
          <div
            class="Cell"
            data-col="9"
            data-live="false"
            data-row="18"
            data-type="cell"
          />
          <div
            class="Cell"
            data-col="10"
            data-live="false"
            data-row="18"
            data-type="cell"
          />
          <div
            class="Cell"
            data-col="11"
            data-live="false"
            data-row="18"
            data-type="cell"
          />
          <div
            class="Cell"
            data-col="12"
            data-live="false"
            data-row="18"
            data-type="cell"
          />
          <div
            class="Cell"
            data-col="13"
            data-live="false"
            data-row="18"
            data-type="cell"
          />
          <div
            class="Cell"
            data-col="14"
            data-live="false"
            data-row="18"
            data-type="cell"
          />
          <div
            class="Cell"
            data-col="15"
            data-live="false"
            data-row="18"
            data-type="cell"
          />
          <div
            class="Cell"
            data-col="16"
            data-live="false"
            data-row="18"
            data-type="cell"
          />
          <div
            class="Cell"
            data-col="17"
            data-live="false"
            data-row="18"
            data-type="cell"
          />
          <div
            class="Cell"
            data-col="18"
            data-live="false"
            data-row="18"
            data-type="cell"
          />
          <div
            class="Cell"
            data-col="19"
            data-live="false"
            data-row="18"
            data-type="cell"
          />
        </div>
        <div
          class="Grid-row"
        >
          <div
            class="Cell"
            data-col="0"
            data-live="false"
            data-row="19"
            data-type="cell"
          />
          <div
            class="Cell"
            data-col="1"
            data-live="false"
            data-row="19"
            data-type="cell"
          />
          <div
            class="Cell"
            data-col="2"
            data-live="false"
            data-row="19"
            data-type="cell"
          />
          <div
            class="Cell"
            data-col="3"
            data-live="false"
            data-row="19"
            data-type="cell"
          />
          <div
            class="Cell"
            data-col="4"
            data-live="false"
            data-row="19"
            data-type="cell"
          />
          <div
            class="Cell"
            data-col="5"
            data-live="false"
            data-row="19"
            data-type="cell"
          />
          <div
            class="Cell"
            data-col="6"
            data-live="false"
            data-row="19"
            data-type="cell"
          />
          <div
            class="Cell"
            data-col="7"
            data-live="false"
            data-row="19"
            data-type="cell"
          />
          <div
            class="Cell"
            data-col="8"
            data-live="false"
            data-row="19"
            data-type="cell"
          />
          <div
            class="Cell"
            data-col="9"
            data-live="false"
            data-row="19"
            data-type="cell"
          />
          <div
            class="Cell"
            data-col="10"
            data-live="false"
            data-row="19"
            data-type="cell"
          />
          <div
            class="Cell"
            data-col="11"
            data-live="false"
            data-row="19"
            data-type="cell"
          />
          <div
            class="Cell"
            data-col="12"
            data-live="false"
            data-row="19"
            data-type="cell"
          />
          <div
            class="Cell"
            data-col="13"
            data-live="false"
            data-row="19"
            data-type="cell"
          />
          <div
            class="Cell"
            data-col="14"
            data-live="false"
            data-row="19"
            data-type="cell"
          />
          <div
            class="Cell"
            data-col="15"
            data-live="false"
            data-row="19"
            data-type="cell"
          />
          <div
            class="Cell"
            data-col="16"
            data-live="false"
            data-row="19"
            data-type="cell"
          />
          <div
            class="Cell"
            data-col="17"
            data-live="false"
            data-row="19"
            data-type="cell"
          />
          <div
            class="Cell"
            data-col="18"
            data-live="false"
            data-row="19"
            data-type="cell"
          />
          <div
            class="Cell"
            data-col="19"
            data-live="false"
            data-row="19"
            data-type="cell"
          />
        </div>
      </div>
      <button>
        Play
      </button>
      <button>
        Reset
      </button>
      <div>
        <span>
          Speed: 
          200
        </span>
        <input
          max="500"
          min="50"
          type="range"
          value="200"
        />
      </div>
    </div>
    <div>
      <div>
        <button
          disabled=""
        >
          &lt;
        </button>
        <button
          disabled=""
        >
          &gt;
        </button>
      </div>
      <div>
        <span>
          rows 
        </span>
        <button>
          add
        </button>
        <button>
          del
        </button>
      </div>
      <div>
        <span>
          columns 
        </span>
        <button>
          add
        </button>
        <button>
          del
        </button>
      </div>
    </div>
    <div>
      <span>
        Presets: 
      </span>
      <button>
        Clock
      </button>
      <button>
        Ship 44P5H2V0
      </button>
      <button>
        Hangar
      </button>
      <button>
        Pulsar
      </button>
      <button>
        Planer gun
      </button>
    </div>
  </div>
</div>
`;
