// Jest Snapshot v1, https://goo.gl/fbAQLP

exports[`renders game grid 1`] = `
<div>
  <div
    class="App"
  >
    <div
      class="Grid"
    >
      <div
        class="Grid-row"
      >
        <div
          class="Cell false"
        />
        <div
          class="Cell false"
        />
        <div
          class="Cell false"
        />
        <div
          class="Cell false"
        />
        <div
          class="Cell false"
        />
        <div
          class="Cell false"
        />
        <div
          class="Cell false"
        />
        <div
          class="Cell false"
        />
        <div
          class="Cell false"
        />
        <div
          class="Cell false"
        />
        <div
          class="Cell false"
        />
        <div
          class="Cell false"
        />
        <div
          class="Cell false"
        />
        <div
          class="Cell false"
        />
        <div
          class="Cell false"
        />
        <div
          class="Cell false"
        />
        <div
          class="Cell false"
        />
        <div
          class="Cell false"
        />
        <div
          class="Cell false"
        />
        <div
          class="Cell false"
        />
      </div>
      <div
        class="Grid-row"
      >
        <div
          class="Cell false"
        />
        <div
          class="Cell false"
        />
        <div
          class="Cell false"
        />
        <div
          class="Cell false"
        />
        <div
          class="Cell false"
        />
        <div
          class="Cell false"
        />
        <div
          class="Cell false"
        />
        <div
          class="Cell false"
        />
        <div
          class="Cell false"
        />
        <div
          class="Cell false"
        />
        <div
          class="Cell false"
        />
        <div
          class="Cell false"
        />
        <div
          class="Cell false"
        />
        <div
          class="Cell false"
        />
        <div
          class="Cell false"
        />
        <div
          class="Cell false"
        />
        <div
          class="Cell false"
        />
        <div
          class="Cell false"
        />
        <div
          class="Cell false"
        />
        <div
          class="Cell false"
        />
      </div>
      <div
        class="Grid-row"
      >
        <div
          class="Cell false"
        />
        <div
          class="Cell false"
        />
        <div
          class="Cell false"
        />
        <div
          class="Cell false"
        />
        <div
          class="Cell false"
        />
        <div
          class="Cell false"
        />
        <div
          class="Cell false"
        />
        <div
          class="Cell false"
        />
        <div
          class="Cell false"
        />
        <div
          class="Cell false"
        />
        <div
          class="Cell false"
        />
        <div
          class="Cell false"
        />
        <div
          class="Cell false"
        />
        <div
          class="Cell false"
        />
        <div
          class="Cell false"
        />
        <div
          class="Cell false"
        />
        <div
          class="Cell false"
        />
        <div
          class="Cell false"
        />
        <div
          class="Cell false"
        />
        <div
          class="Cell false"
        />
      </div>
      <div
        class="Grid-row"
      >
        <div
          class="Cell false"
        />
        <div
          class="Cell false"
        />
        <div
          class="Cell false"
        />
        <div
          class="Cell false"
        />
        <div
          class="Cell false"
        />
        <div
          class="Cell false"
        />
        <div
          class="Cell false"
        />
        <div
          class="Cell false"
        />
        <div
          class="Cell false"
        />
        <div
          class="Cell false"
        />
        <div
          class="Cell false"
        />
        <div
          class="Cell false"
        />
        <div
          class="Cell false"
        />
        <div
          class="Cell false"
        />
        <div
          class="Cell false"
        />
        <div
          class="Cell false"
        />
        <div
          class="Cell false"
        />
        <div
          class="Cell false"
        />
        <div
          class="Cell false"
        />
        <div
          class="Cell false"
        />
      </div>
      <div
        class="Grid-row"
      >
        <div
          class="Cell false"
        />
        <div
          class="Cell false"
        />
        <div
          class="Cell false"
        />
        <div
          class="Cell false"
        />
        <div
          class="Cell false"
        />
        <div
          class="Cell false"
        />
        <div
          class="Cell false"
        />
        <div
          class="Cell false"
        />
        <div
          class="Cell false"
        />
        <div
          class="Cell false"
        />
        <div
          class="Cell false"
        />
        <div
          class="Cell false"
        />
        <div
          class="Cell false"
        />
        <div
          class="Cell false"
        />
        <div
          class="Cell false"
        />
        <div
          class="Cell false"
        />
        <div
          class="Cell false"
        />
        <div
          class="Cell false"
        />
        <div
          class="Cell false"
        />
        <div
          class="Cell false"
        />
      </div>
      <div
        class="Grid-row"
      >
        <div
          class="Cell false"
        />
        <div
          class="Cell false"
        />
        <div
          class="Cell false"
        />
        <div
          class="Cell false"
        />
        <div
          class="Cell false"
        />
        <div
          class="Cell false"
        />
        <div
          class="Cell false"
        />
        <div
          class="Cell false"
        />
        <div
          class="Cell false"
        />
        <div
          class="Cell false"
        />
        <div
          class="Cell false"
        />
        <div
          class="Cell false"
        />
        <div
          class="Cell false"
        />
        <div
          class="Cell false"
        />
        <div
          class="Cell false"
        />
        <div
          class="Cell false"
        />
        <div
          class="Cell false"
        />
        <div
          class="Cell false"
        />
        <div
          class="Cell false"
        />
        <div
          class="Cell false"
        />
      </div>
      <div
        class="Grid-row"
      >
        <div
          class="Cell false"
        />
        <div
          class="Cell false"
        />
        <div
          class="Cell false"
        />
        <div
          class="Cell false"
        />
        <div
          class="Cell false"
        />
        <div
          class="Cell false"
        />
        <div
          class="Cell false"
        />
        <div
          class="Cell false"
        />
        <div
          class="Cell false"
        />
        <div
          class="Cell false"
        />
        <div
          class="Cell false"
        />
        <div
          class="Cell false"
        />
        <div
          class="Cell false"
        />
        <div
          class="Cell false"
        />
        <div
          class="Cell false"
        />
        <div
          class="Cell false"
        />
        <div
          class="Cell false"
        />
        <div
          class="Cell false"
        />
        <div
          class="Cell false"
        />
        <div
          class="Cell false"
        />
      </div>
      <div
        class="Grid-row"
      >
        <div
          class="Cell false"
        />
        <div
          class="Cell false"
        />
        <div
          class="Cell false"
        />
        <div
          class="Cell false"
        />
        <div
          class="Cell false"
        />
        <div
          class="Cell false"
        />
        <div
          class="Cell false"
        />
        <div
          class="Cell false"
        />
        <div
          class="Cell false"
        />
        <div
          class="Cell false"
        />
        <div
          class="Cell false"
        />
        <div
          class="Cell false"
        />
        <div
          class="Cell false"
        />
        <div
          class="Cell false"
        />
        <div
          class="Cell false"
        />
        <div
          class="Cell false"
        />
        <div
          class="Cell false"
        />
        <div
          class="Cell false"
        />
        <div
          class="Cell false"
        />
        <div
          class="Cell false"
        />
      </div>
      <div
        class="Grid-row"
      >
        <div
          class="Cell false"
        />
        <div
          class="Cell false"
        />
        <div
          class="Cell false"
        />
        <div
          class="Cell false"
        />
        <div
          class="Cell false"
        />
        <div
          class="Cell false"
        />
        <div
          class="Cell false"
        />
        <div
          class="Cell false"
        />
        <div
          class="Cell false"
        />
        <div
          class="Cell false"
        />
        <div
          class="Cell false"
        />
        <div
          class="Cell false"
        />
        <div
          class="Cell false"
        />
        <div
          class="Cell false"
        />
        <div
          class="Cell false"
        />
        <div
          class="Cell false"
        />
        <div
          class="Cell false"
        />
        <div
          class="Cell false"
        />
        <div
          class="Cell false"
        />
        <div
          class="Cell false"
        />
      </div>
      <div
        class="Grid-row"
      >
        <div
          class="Cell false"
        />
        <div
          class="Cell false"
        />
        <div
          class="Cell false"
        />
        <div
          class="Cell false"
        />
        <div
          class="Cell false"
        />
        <div
          class="Cell false"
        />
        <div
          class="Cell false"
        />
        <div
          class="Cell false"
        />
        <div
          class="Cell false"
        />
        <div
          class="Cell false"
        />
        <div
          class="Cell false"
        />
        <div
          class="Cell false"
        />
        <div
          class="Cell false"
        />
        <div
          class="Cell false"
        />
        <div
          class="Cell false"
        />
        <div
          class="Cell false"
        />
        <div
          class="Cell false"
        />
        <div
          class="Cell false"
        />
        <div
          class="Cell false"
        />
        <div
          class="Cell false"
        />
      </div>
      <div
        class="Grid-row"
      >
        <div
          class="Cell false"
        />
        <div
          class="Cell false"
        />
        <div
          class="Cell false"
        />
        <div
          class="Cell false"
        />
        <div
          class="Cell false"
        />
        <div
          class="Cell false"
        />
        <div
          class="Cell false"
        />
        <div
          class="Cell false"
        />
        <div
          class="Cell false"
        />
        <div
          class="Cell false"
        />
        <div
          class="Cell false"
        />
        <div
          class="Cell false"
        />
        <div
          class="Cell false"
        />
        <div
          class="Cell false"
        />
        <div
          class="Cell false"
        />
        <div
          class="Cell false"
        />
        <div
          class="Cell false"
        />
        <div
          class="Cell false"
        />
        <div
          class="Cell false"
        />
        <div
          class="Cell false"
        />
      </div>
      <div
        class="Grid-row"
      >
        <div
          class="Cell false"
        />
        <div
          class="Cell false"
        />
        <div
          class="Cell false"
        />
        <div
          class="Cell false"
        />
        <div
          class="Cell false"
        />
        <div
          class="Cell false"
        />
        <div
          class="Cell false"
        />
        <div
          class="Cell false"
        />
        <div
          class="Cell false"
        />
        <div
          class="Cell false"
        />
        <div
          class="Cell false"
        />
        <div
          class="Cell false"
        />
        <div
          class="Cell false"
        />
        <div
          class="Cell false"
        />
        <div
          class="Cell false"
        />
        <div
          class="Cell false"
        />
        <div
          class="Cell false"
        />
        <div
          class="Cell false"
        />
        <div
          class="Cell false"
        />
        <div
          class="Cell false"
        />
      </div>
      <div
        class="Grid-row"
      >
        <div
          class="Cell false"
        />
        <div
          class="Cell false"
        />
        <div
          class="Cell false"
        />
        <div
          class="Cell false"
        />
        <div
          class="Cell false"
        />
        <div
          class="Cell false"
        />
        <div
          class="Cell false"
        />
        <div
          class="Cell false"
        />
        <div
          class="Cell false"
        />
        <div
          class="Cell false"
        />
        <div
          class="Cell false"
        />
        <div
          class="Cell false"
        />
        <div
          class="Cell false"
        />
        <div
          class="Cell false"
        />
        <div
          class="Cell false"
        />
        <div
          class="Cell false"
        />
        <div
          class="Cell false"
        />
        <div
          class="Cell false"
        />
        <div
          class="Cell false"
        />
        <div
          class="Cell false"
        />
      </div>
      <div
        class="Grid-row"
      >
        <div
          class="Cell false"
        />
        <div
          class="Cell false"
        />
        <div
          class="Cell false"
        />
        <div
          class="Cell false"
        />
        <div
          class="Cell false"
        />
        <div
          class="Cell false"
        />
        <div
          class="Cell false"
        />
        <div
          class="Cell false"
        />
        <div
          class="Cell false"
        />
        <div
          class="Cell false"
        />
        <div
          class="Cell false"
        />
        <div
          class="Cell false"
        />
        <div
          class="Cell false"
        />
        <div
          class="Cell false"
        />
        <div
          class="Cell false"
        />
        <div
          class="Cell false"
        />
        <div
          class="Cell false"
        />
        <div
          class="Cell false"
        />
        <div
          class="Cell false"
        />
        <div
          class="Cell false"
        />
      </div>
      <div
        class="Grid-row"
      >
        <div
          class="Cell false"
        />
        <div
          class="Cell false"
        />
        <div
          class="Cell false"
        />
        <div
          class="Cell false"
        />
        <div
          class="Cell false"
        />
        <div
          class="Cell false"
        />
        <div
          class="Cell false"
        />
        <div
          class="Cell false"
        />
        <div
          class="Cell false"
        />
        <div
          class="Cell false"
        />
        <div
          class="Cell false"
        />
        <div
          class="Cell false"
        />
        <div
          class="Cell false"
        />
        <div
          class="Cell false"
        />
        <div
          class="Cell false"
        />
        <div
          class="Cell false"
        />
        <div
          class="Cell false"
        />
        <div
          class="Cell false"
        />
        <div
          class="Cell false"
        />
        <div
          class="Cell false"
        />
      </div>
      <div
        class="Grid-row"
      >
        <div
          class="Cell false"
        />
        <div
          class="Cell false"
        />
        <div
          class="Cell false"
        />
        <div
          class="Cell false"
        />
        <div
          class="Cell false"
        />
        <div
          class="Cell false"
        />
        <div
          class="Cell false"
        />
        <div
          class="Cell false"
        />
        <div
          class="Cell false"
        />
        <div
          class="Cell false"
        />
        <div
          class="Cell false"
        />
        <div
          class="Cell false"
        />
        <div
          class="Cell false"
        />
        <div
          class="Cell false"
        />
        <div
          class="Cell false"
        />
        <div
          class="Cell false"
        />
        <div
          class="Cell false"
        />
        <div
          class="Cell false"
        />
        <div
          class="Cell false"
        />
        <div
          class="Cell false"
        />
      </div>
      <div
        class="Grid-row"
      >
        <div
          class="Cell false"
        />
        <div
          class="Cell false"
        />
        <div
          class="Cell false"
        />
        <div
          class="Cell false"
        />
        <div
          class="Cell false"
        />
        <div
          class="Cell false"
        />
        <div
          class="Cell false"
        />
        <div
          class="Cell false"
        />
        <div
          class="Cell false"
        />
        <div
          class="Cell false"
        />
        <div
          class="Cell false"
        />
        <div
          class="Cell false"
        />
        <div
          class="Cell false"
        />
        <div
          class="Cell false"
        />
        <div
          class="Cell false"
        />
        <div
          class="Cell false"
        />
        <div
          class="Cell false"
        />
        <div
          class="Cell false"
        />
        <div
          class="Cell false"
        />
        <div
          class="Cell false"
        />
      </div>
      <div
        class="Grid-row"
      >
        <div
          class="Cell false"
        />
        <div
          class="Cell false"
        />
        <div
          class="Cell false"
        />
        <div
          class="Cell false"
        />
        <div
          class="Cell false"
        />
        <div
          class="Cell false"
        />
        <div
          class="Cell false"
        />
        <div
          class="Cell false"
        />
        <div
          class="Cell false"
        />
        <div
          class="Cell false"
        />
        <div
          class="Cell false"
        />
        <div
          class="Cell false"
        />
        <div
          class="Cell false"
        />
        <div
          class="Cell false"
        />
        <div
          class="Cell false"
        />
        <div
          class="Cell false"
        />
        <div
          class="Cell false"
        />
        <div
          class="Cell false"
        />
        <div
          class="Cell false"
        />
        <div
          class="Cell false"
        />
      </div>
      <div
        class="Grid-row"
      >
        <div
          class="Cell false"
        />
        <div
          class="Cell false"
        />
        <div
          class="Cell false"
        />
        <div
          class="Cell false"
        />
        <div
          class="Cell false"
        />
        <div
          class="Cell false"
        />
        <div
          class="Cell false"
        />
        <div
          class="Cell false"
        />
        <div
          class="Cell false"
        />
        <div
          class="Cell false"
        />
        <div
          class="Cell false"
        />
        <div
          class="Cell false"
        />
        <div
          class="Cell false"
        />
        <div
          class="Cell false"
        />
        <div
          class="Cell false"
        />
        <div
          class="Cell false"
        />
        <div
          class="Cell false"
        />
        <div
          class="Cell false"
        />
        <div
          class="Cell false"
        />
        <div
          class="Cell false"
        />
      </div>
      <div
        class="Grid-row"
      >
        <div
          class="Cell false"
        />
        <div
          class="Cell false"
        />
        <div
          class="Cell false"
        />
        <div
          class="Cell false"
        />
        <div
          class="Cell false"
        />
        <div
          class="Cell false"
        />
        <div
          class="Cell false"
        />
        <div
          class="Cell false"
        />
        <div
          class="Cell false"
        />
        <div
          class="Cell false"
        />
        <div
          class="Cell false"
        />
        <div
          class="Cell false"
        />
        <div
          class="Cell false"
        />
        <div
          class="Cell false"
        />
        <div
          class="Cell false"
        />
        <div
          class="Cell false"
        />
        <div
          class="Cell false"
        />
        <div
          class="Cell false"
        />
        <div
          class="Cell false"
        />
        <div
          class="Cell false"
        />
      </div>
    </div>
    <div>
      Generation: 
      1
    </div>
    <div>
      <button>
        Play
      </button>
      <button>
        Reset
      </button>
      <div>
        <button
          disabled=""
        >
          &lt;
        </button>
        <button
          disabled=""
        >
          &gt;
        </button>
      </div>
      <div>
        <span>
          rows 
        </span>
        <button>
          add
        </button>
        <button>
          del
        </button>
      </div>
      <div>
        <span>
          columns 
        </span>
        <button>
          add
        </button>
        <button>
          del
        </button>
      </div>
      <div>
        <span>
          Speed: 
          200
        </span>
        <input
          max="500"
          min="50"
          type="range"
          value="200"
        />
      </div>
    </div>
    <div>
      <span>
        Presets: 
      </span>
      <button>
        Clock
      </button>
      <button>
        Ship 44P5H2V0
      </button>
      <button>
        Hangar
      </button>
      <button>
        Pulsar
      </button>
      <button>
        Planer gun
      </button>
    </div>
  </div>
</div>
`;
